// Jest Snapshot v1, https://goo.gl/fbAQLP

exports[`<App /> rendering renders correctly 1`] = `
<div
  className="container"
>
  <div />
  <div
    className="logged_in_container"
  >
    <div
      style={
        Object {
          "backgroundColor": "#fbb",
          "padding": "5px",
        }
      }
    >
      <a
        aria-current="page"
        className="active"
        href="/"
        onClick={[Function]}
        style={
          Object {
            "backgroundColor": "#f22",
            "borderRadius": "4px",
            "padding": "2px",
          }
        }
      >
        blogs
      </a>
       
      <a
        aria-current={null}
        className="users_link"
        href="/users"
        onClick={[Function]}
      >
        users
      </a>
       
      Test User 1
       logged in 
      <button
        className="btn btn-default"
        disabled={false}
        onClick={[Function]}
        type="button"
      >
        logout
      </button>
    </div>
    <div>
      <h2>
        blogs
      </h2>
      <ul
        className="blog_list list-group"
      >
        <li
          className="list-group-item"
        >
          <a
            className="blog_list_link"
            data-title="test title 2"
            href="/blogs/2"
            onClick={[Function]}
          >
            test title 2
             
            test author 2
          </a>
        </li>
        <li
          className="list-group-item"
        >
          <a
            className="blog_list_link"
            data-title="test title 1"
            href="/blogs/1"
            onClick={[Function]}
          >
            test title 1
             
            test author 1
          </a>
        </li>
      </ul>
      <div>
        <div
          style={
            Object {
              "display": "",
            }
          }
        >
          <button
            className="show_button btn btn-default"
            disabled={false}
            onClick={[Function]}
            type="button"
          >
            Add Blog
          </button>
        </div>
        <div
          className="content_drop"
          style={
            Object {
              "display": "none",
            }
          }
        >
          <div>
            <form
              className="form-horizontal"
              onSubmit={[Function]}
            >
              <div
                className="form-group"
              >
                <label
                  className="col-sm-2 control-label"
                >
                  title
                </label>
                <div
                  className="col-sm-10"
                >
                  <input
                    className="form-control"
                    name="title"
                    onChange={[Function]}
                    value=""
                  />
                </div>
              </div>
              <div
                className="form-group"
              >
                <label
                  className="col-sm-2 control-label"
                >
                  author
                </label>
                <div
                  className="col-sm-10"
                >
                  <input
                    className="form-control"
                    name="author"
                    onChange={[Function]}
                    value=""
                  />
                </div>
              </div>
              <div
                className="form-group"
              >
                <label
                  className="col-sm-2 control-label"
                >
                  url
                </label>
                <div
                  className="col-sm-10"
                >
                  <input
                    className="form-control"
                    name="url"
                    onChange={[Function]}
                    value=""
                  />
                </div>
              </div>
              <div
                className="form-group"
              >
                <div
                  className="col-sm-10 col-sm-offset-2"
                >
                  <button
                    className="btn btn-default"
                    disabled={false}
                    type="submit"
                  >
                    create
                  </button>
                </div>
              </div>
            </form>
          </div>
          <button
            className="hide_button btn btn-default"
            disabled={false}
            onClick={[Function]}
            type="button"
          >
            Cancel
          </button>
        </div>
      </div>
    </div>
  </div>
</div>
`;
